== base 5395 390x844 336 190 New expense
{"label":"rotated landscape, kb up","inner":[844,390],"vvH":200,"top":-159,"h":359,"bottom":190,"inline":"504.797px|190px","closeTop":-151,"scroller":[-97,176],"active":"Gross (€)required"}
{"label":"first field revealed","inner":[844,390],"vvH":200,"top":-159,"h":359,"bottom":190,"inline":"504.797px|190px","closeTop":-151,"scroller":[-97,176],"active":"Gross (€)required","firstFieldTop":-73}
{"label":"rotated back portrait, kb up","inner":[390,844],"vvH":508,"top":3,"h":505,"bottom":336,"inline":"504.797px|336px","closeTop":11,"scroller":[65,484],"active":"Gross (€)required"}
{"label":"kb hidden","inner":[390,844],"vvH":844,"top":174,"h":671,"bottom":0,"inline":"|","closeTop":182,"scroller":[236,820],"active":"Gross (€)required"}
writes 0 errors []
== base 5395 320x568 260 170 New expense
{"label":"rotated landscape, kb up","inner":[568,320],"vvH":150,"top":-144,"h":294,"bottom":170,"inline":"352.547px|170px","closeTop":-136,"scroller":[-82,126],"active":"Gross (€)required"}
{"label":"first field revealed","inner":[568,320],"vvH":150,"top":-144,"h":294,"bottom":170,"inline":"352.547px|170px","closeTop":-136,"scroller":[-82,126],"active":"Gross (€)required","firstFieldTop":-59}
{"label":"rotated back portrait, kb up","inner":[320,568],"vvH":308,"top":26,"h":282,"bottom":260,"inline":"282px|260px","closeTop":34,"scroller":[88,284],"active":"Gross (€)required"}
{"label":"kb hidden","inner":[320,568],"vvH":568,"top":45,"h":523,"bottom":0,"inline":"|","closeTop":53,"scroller":[107,544],"active":"Gross (€)required"}
writes 0 errors []
== base 5395 390x844 336 190 New sales invoice
{"label":"rotated landscape, kb up","inner":[844,390],"vvH":200,"top":-159,"h":359,"bottom":190,"inline":"504.797px|190px","closeTop":-151,"scroller":[-97,176],"active":"Gross (€)required"}
{"label":"first field revealed","inner":[844,390],"vvH":200,"top":-159,"h":359,"bottom":190,"inline":"504.797px|190px","closeTop":-151,"scroller":[-97,176],"active":"Gross (€)required","firstFieldTop":-73}
{"label":"rotated back portrait, kb up","inner":[390,844],"vvH":508,"top":3,"h":505,"bottom":336,"inline":"504.797px|336px","closeTop":11,"scroller":[65,484],"active":"Gross (€)required"}
{"label":"kb hidden","inner":[390,844],"vvH":844,"top":85,"h":759,"bottom":0,"inline":"|","closeTop":93,"scroller":[147,820],"active":"Gross (€)required"}
writes 0 errors []
== base 5395 412x915 300 180 New expense
{"label":"rotated landscape, kb up","inner":[915,412],"vvH":232,"top":-147,"h":379,"bottom":180,"inline":"499.031px|180px","closeTop":-139,"scroller":[-85,208],"active":"Gross (€)required"}
{"label":"first field revealed","inner":[915,412],"vvH":232,"top":-147,"h":379,"bottom":180,"inline":"499.031px|180px","closeTop":-139,"scroller":[-85,208],"active":"Gross (€)required","firstFieldTop":-62}
{"label":"rotated back portrait, kb up","inner":[412,915],"vvH":615,"top":116,"h":499,"bottom":300,"inline":"499.031px|300px","closeTop":124,"scroller":[178,591],"active":"Gross (€)required"}
{"label":"kb hidden","inner":[412,915],"vvH":915,"top":245,"h":671,"bottom":0,"inline":"|","closeTop":253,"scroller":[307,891],"active":"Gross (€)required"}
writes 0 errors []
== base 5396 390x844 336 190 New expense
{"label":"rotated landscape, kb up","inner":[844,390],"vvH":200,"top":26,"h":174,"bottom":190,"inline":"174px|190px","closeTop":34,"scroller":[88,176],"active":"Gross (€)required"}
{"label":"first field revealed","inner":[844,390],"vvH":200,"top":26,"h":174,"bottom":190,"inline":"174px|190px","closeTop":34,"scroller":[88,176],"active":"Gross (€)required","firstFieldTop":112}
{"label":"rotated back portrait, kb up","inner":[390,844],"vvH":508,"top":334,"h":174,"bottom":336,"inline":"174px|336px","closeTop":342,"scroller":[396,484],"active":"Gross (€)required"}
{"label":"kb hidden","inner":[390,844],"vvH":844,"top":174,"h":671,"bottom":0,"inline":"|","closeTop":182,"scroller":[236,820],"active":"Gross (€)required"}
writes 0 errors []
== base 5396 320x568 260 170 New expense
{"label":"rotated landscape, kb up","inner":[568,320],"vvH":150,"top":26,"h":124,"bottom":170,"inline":"124px|170px","closeTop":34,"scroller":[88,126],"active":"Gross (€)required"}
{"label":"first field revealed","inner":[568,320],"vvH":150,"top":26,"h":124,"bottom":170,"inline":"124px|170px","closeTop":34,"scroller":[88,126],"active":"Gross (€)required","firstFieldTop":88}
{"label":"rotated back portrait, kb up","inner":[320,568],"vvH":308,"top":184,"h":124,"bottom":260,"inline":"124px|260px","closeTop":192,"scroller":[246,284],"active":"Gross (€)required"}
{"label":"kb hidden","inner":[320,568],"vvH":568,"top":45,"h":523,"bottom":0,"inline":"|","closeTop":53,"scroller":[107,544],"active":"Gross (€)required"}
writes 0 errors []
== base 5396 390x844 336 190 New sales invoice
{"label":"rotated landscape, kb up","inner":[844,390],"vvH":200,"top":26,"h":174,"bottom":190,"inline":"174px|190px","closeTop":34,"scroller":[88,176],"active":"Gross (€)required"}
{"label":"first field revealed","inner":[844,390],"vvH":200,"top":26,"h":174,"bottom":190,"inline":"174px|190px","closeTop":34,"scroller":[88,176],"active":"Gross (€)required","firstFieldTop":112}
{"label":"rotated back portrait, kb up","inner":[390,844],"vvH":508,"top":334,"h":174,"bottom":336,"inline":"174px|336px","closeTop":342,"scroller":[396,484],"active":"Gross (€)required"}
{"label":"kb hidden","inner":[390,844],"vvH":844,"top":85,"h":759,"bottom":0,"inline":"|","closeTop":93,"scroller":[147,820],"active":"Gross (€)required"}
writes 0 errors []
== base 5396 412x915 300 180 New expense
{"label":"rotated landscape, kb up","inner":[915,412],"vvH":232,"top":26,"h":206,"bottom":180,"inline":"206px|180px","closeTop":34,"scroller":[88,208],"active":"Gross (€)required"}
{"label":"first field revealed","inner":[915,412],"vvH":232,"top":26,"h":206,"bottom":180,"inline":"206px|180px","closeTop":34,"scroller":[88,208],"active":"Gross (€)required","firstFieldTop":112}
{"label":"rotated back portrait, kb up","inner":[412,915],"vvH":615,"top":409,"h":206,"bottom":300,"inline":"206px|300px","closeTop":417,"scroller":[471,591],"active":"Gross (€)required"}
{"label":"kb hidden","inner":[412,915],"vvH":915,"top":245,"h":671,"bottom":0,"inline":"|","closeTop":253,"scroller":[307,891],"active":"Gross (€)required"}
writes 0 errors []
