{"data":"full","width":1440,"screen":"books","trial":0,"oldValueUntilMs":22,"lastBlankSampleMs":null,"samples":363}
{"data":"full","width":1440,"screen":"books","trial":1,"oldValueUntilMs":9,"lastBlankSampleMs":null,"samples":361}
{"data":"full","width":1440,"screen":"books","trial":2,"oldValueUntilMs":9,"lastBlankSampleMs":null,"samples":363}
{"data":"full","width":1440,"screen":"inbox","trial":0,"oldValueUntilMs":9,"lastBlankSampleMs":null,"samples":363}
{"data":"full","width":1440,"screen":"inbox","trial":1,"oldValueUntilMs":8,"lastBlankSampleMs":null,"samples":363}
{"data":"full","width":1440,"screen":"inbox","trial":2,"oldValueUntilMs":10,"lastBlankSampleMs":null,"samples":363}
{"data":"full","width":1440,"screen":"bank","trial":0,"oldValueUntilMs":6,"lastBlankSampleMs":null,"samples":363}
{"data":"full","width":1440,"screen":"bank","trial":1,"oldValueUntilMs":6,"lastBlankSampleMs":null,"samples":363}
{"data":"full","width":1440,"screen":"bank","trial":2,"oldValueUntilMs":6,"lastBlankSampleMs":null,"samples":363}
{"data":"full","width":1920,"screen":"books","trial":0,"oldValueUntilMs":11,"lastBlankSampleMs":null,"samples":365}
{"data":"full","width":1920,"screen":"books","trial":1,"oldValueUntilMs":8,"lastBlankSampleMs":null,"samples":363}
{"data":"full","width":1920,"screen":"books","trial":2,"oldValueUntilMs":9,"lastBlankSampleMs":null,"samples":363}
{"data":"full","width":1920,"screen":"inbox","trial":0,"oldValueUntilMs":14,"lastBlankSampleMs":null,"samples":363}
{"data":"full","width":1920,"screen":"inbox","trial":1,"oldValueUntilMs":8,"lastBlankSampleMs":null,"samples":363}
{"data":"full","width":1920,"screen":"inbox","trial":2,"oldValueUntilMs":7,"lastBlankSampleMs":null,"samples":365}
{"data":"full","width":1920,"screen":"bank","trial":0,"oldValueUntilMs":6,"lastBlankSampleMs":null,"samples":363}
{"data":"full","width":1920,"screen":"bank","trial":1,"oldValueUntilMs":6,"lastBlankSampleMs":null,"samples":363}
{"data":"full","width":1920,"screen":"bank","trial":2,"oldValueUntilMs":7,"lastBlankSampleMs":null,"samples":365}
{"data":"small","width":1440,"screen":"books","trial":0,"oldValueUntilMs":12,"lastBlankSampleMs":null,"samples":363}
{"data":"small","width":1440,"screen":"books","trial":1,"oldValueUntilMs":5,"lastBlankSampleMs":null,"samples":363}
{"data":"small","width":1440,"screen":"books","trial":2,"oldValueUntilMs":5,"lastBlankSampleMs":null,"samples":363}
{"data":"small","width":1440,"screen":"inbox","trial":0,"oldValueUntilMs":6,"lastBlankSampleMs":null,"samples":363}
{"data":"small","width":1440,"screen":"inbox","trial":1,"oldValueUntilMs":4,"lastBlankSampleMs":null,"samples":363}
{"data":"small","width":1440,"screen":"inbox","trial":2,"oldValueUntilMs":5,"lastBlankSampleMs":null,"samples":363}
{"data":"small","width":1440,"screen":"bank","trial":0,"oldValueUntilMs":4,"lastBlankSampleMs":null,"samples":363}
{"data":"small","width":1440,"screen":"bank","trial":1,"oldValueUntilMs":4,"lastBlankSampleMs":null,"samples":363}
{"data":"small","width":1440,"screen":"bank","trial":2,"oldValueUntilMs":6,"lastBlankSampleMs":null,"samples":363}
{"data":"small","width":1920,"screen":"books","trial":0,"oldValueUntilMs":10,"lastBlankSampleMs":null,"samples":363}
{"data":"small","width":1920,"screen":"books","trial":1,"oldValueUntilMs":9,"lastBlankSampleMs":null,"samples":363}
{"data":"small","width":1920,"screen":"books","trial":2,"oldValueUntilMs":10,"lastBlankSampleMs":null,"samples":363}
{"data":"small","width":1920,"screen":"inbox","trial":0,"oldValueUntilMs":5,"lastBlankSampleMs":null,"samples":363}
{"data":"small","width":1920,"screen":"inbox","trial":1,"oldValueUntilMs":4,"lastBlankSampleMs":null,"samples":363}
{"data":"small","width":1920,"screen":"inbox","trial":2,"oldValueUntilMs":3,"lastBlankSampleMs":null,"samples":363}
{"data":"small","width":1920,"screen":"bank","trial":0,"oldValueUntilMs":11,"lastBlankSampleMs":null,"samples":363}
{"data":"small","width":1920,"screen":"bank","trial":1,"oldValueUntilMs":7,"lastBlankSampleMs":null,"samples":365}
{"data":"small","width":1920,"screen":"bank","trial":2,"oldValueUntilMs":4,"lastBlankSampleMs":null,"samples":363}
