{"data":"full","width":1440,"screen":"books","delay":"0","word":"kalamaja","field":"a","q":"a","intact":false,"typedMs":89,"meanGap":0}
{"data":"full","width":1440,"screen":"books","delay":"0","word":"1234.56","field":"6","q":"6","intact":false,"typedMs":96,"meanGap":0}
{"data":"full","width":1440,"screen":"books","delay":"0","word":"Põhja-Eesti","field":"i","q":"i","intact":false,"typedMs":145,"meanGap":0}
{"data":"full","width":1440,"screen":"books","delay":"30","word":"kalamaja","field":"kamaja","q":"kamaja","intact":false,"typedMs":332,"meanGap":30}
{"data":"full","width":1440,"screen":"books","delay":"30","word":"1234.56","field":"134.56","q":"134.56","intact":false,"typedMs":349,"meanGap":30}
{"data":"full","width":1440,"screen":"books","delay":"30","word":"Põhja-Eesti","field":"Phja-Eesti","q":"Phja-Eesti","intact":false,"typedMs":459,"meanGap":30}
{"data":"full","width":1440,"screen":"books","delay":"60","word":"kalamaja","field":"kalamaja","q":"kalamaja","intact":true,"typedMs":568,"meanGap":60}
{"data":"full","width":1440,"screen":"books","delay":"60","word":"1234.56","field":"2.56","q":"2.56","intact":false,"typedMs":516,"meanGap":60}
{"data":"full","width":1440,"screen":"books","delay":"60","word":"Põhja-Eesti","field":"Põhja-Eesti","q":"Põhja-Eesti","intact":true,"typedMs":764,"meanGap":60}
{"data":"full","width":1440,"screen":"books","delay":"100","word":"kalamaja","field":"kalamaja","q":"kalamaja","intact":true,"typedMs":890,"meanGap":100}
{"data":"full","width":1440,"screen":"books","delay":"100","word":"1234.56","field":"1234.56","q":"1234.56","intact":true,"typedMs":806,"meanGap":100}
{"data":"full","width":1440,"screen":"books","delay":"100","word":"Põhja-Eesti","field":"Põhja-Eesti","q":"Põhja-Eesti","intact":true,"typedMs":1247,"meanGap":100}
{"data":"full","width":1440,"screen":"books","delay":"jitter","word":"kalamaja","field":"kalamaja","q":"kalamaja","intact":true,"typedMs":814,"meanGap":89}
{"data":"full","width":1440,"screen":"books","delay":"jitter","word":"1234.56","field":"1234.56","q":"1234.56","intact":true,"typedMs":935,"meanGap":117}
{"data":"full","width":1440,"screen":"books","delay":"jitter","word":"Põhja-Eesti","field":"Põhja-Eesti","q":"Põhja-Eesti","intact":true,"typedMs":1166,"meanGap":95}
{"data":"full","width":1440,"screen":"inbox","delay":"0","word":"kalamaja","field":"a","q":"a","intact":false,"typedMs":93,"meanGap":0}
{"data":"full","width":1440,"screen":"inbox","delay":"0","word":"1234.56","field":"6","q":"6","intact":false,"typedMs":75,"meanGap":0}
{"data":"full","width":1440,"screen":"inbox","delay":"0","word":"Põhja-Eesti","field":"i","q":"i","intact":false,"typedMs":121,"meanGap":0}
{"data":"full","width":1440,"screen":"inbox","delay":"30","word":"kalamaja","field":"klmaja","q":"klmaja","intact":false,"typedMs":313,"meanGap":30}
{"data":"full","width":1440,"screen":"inbox","delay":"30","word":"1234.56","field":"134.56","q":"134.56","intact":false,"typedMs":303,"meanGap":30}
{"data":"full","width":1440,"screen":"inbox","delay":"30","word":"Põhja-Eesti","field":"Pja-Eesti","q":"Pja-Eesti","intact":false,"typedMs":435,"meanGap":30}
{"data":"full","width":1440,"screen":"inbox","delay":"60","word":"kalamaja","field":"kalamaja","q":"kalamaja","intact":true,"typedMs":547,"meanGap":60}
{"data":"full","width":1440,"screen":"inbox","delay":"60","word":"1234.56","field":"2.6","q":"2.6","intact":false,"typedMs":661,"meanGap":60}
{"data":"full","width":1440,"screen":"inbox","delay":"60","word":"Põhja-Eesti","field":"õhja-Eesti","q":"õhja-Eesti","intact":false,"typedMs":768,"meanGap":60}
{"data":"full","width":1440,"screen":"inbox","delay":"100","word":"kalamaja","field":"kalamaja","q":"kalamaja","intact":true,"typedMs":876,"meanGap":100}
{"data":"full","width":1440,"screen":"inbox","delay":"100","word":"1234.56","field":"1234.56","q":"1234.56","intact":true,"typedMs":766,"meanGap":100}
{"data":"full","width":1440,"screen":"inbox","delay":"100","word":"Põhja-Eesti","field":"Põhja-Eesti","q":"Põhja-Eesti","intact":true,"typedMs":1269,"meanGap":100}
{"data":"full","width":1440,"screen":"inbox","delay":"jitter","word":"kalamaja","field":"aa","q":"aa","intact":false,"typedMs":2694,"meanGap":89}
{"data":"full","width":1440,"screen":"inbox","delay":"jitter","word":"1234.56","field":"26","q":"26","intact":false,"typedMs":1926,"meanGap":117}
{"data":"full","width":1440,"screen":"inbox","delay":"jitter","word":"Põhja-Eesti","field":"õhja-Eesti","q":"õhja-Eesti","intact":false,"typedMs":1286,"meanGap":95}
{"data":"full","width":1440,"screen":"bank","delay":"0","word":"kalamaja","field":"ka","q":"ka","intact":false,"typedMs":418,"meanGap":0}
{"data":"full","width":1440,"screen":"bank","delay":"0","word":"1234.56","field":"16","q":"16","intact":false,"typedMs":147,"meanGap":0}
{"data":"full","width":1440,"screen":"bank","delay":"0","word":"Põhja-Eesti","field":"i","q":"i","intact":false,"typedMs":208,"meanGap":0}
{"data":"full","width":1440,"screen":"bank","delay":"30","word":"kalamaja","field":"kalamaja","q":"kalamaja","intact":true,"typedMs":348,"meanGap":30}
{"data":"full","width":1440,"screen":"bank","delay":"30","word":"1234.56","field":"134.56","q":"134.56","intact":false,"typedMs":299,"meanGap":30}
{"data":"full","width":1440,"screen":"bank","delay":"30","word":"Põhja-Eesti","field":"õhja-Eesti","q":"õhja-Eesti","intact":false,"typedMs":461,"meanGap":30}
{"data":"full","width":1440,"screen":"bank","delay":"60","word":"kalamaja","field":"kalamaja","q":"kalamaja","intact":true,"typedMs":577,"meanGap":60}
{"data":"full","width":1440,"screen":"bank","delay":"60","word":"1234.56","field":"1234.56","q":"1234.56","intact":true,"typedMs":594,"meanGap":60}
{"data":"full","width":1440,"screen":"bank","delay":"60","word":"Põhja-Eesti","field":"Põhja-Eesti","q":"Põhja-Eesti","intact":true,"typedMs":768,"meanGap":60}
{"data":"full","width":1440,"screen":"bank","delay":"100","word":"kalamaja","field":"kalamaja","q":"kalamaja","intact":true,"typedMs":920,"meanGap":100}
{"data":"full","width":1440,"screen":"bank","delay":"100","word":"1234.56","field":"1234.56","q":"1234.56","intact":true,"typedMs":765,"meanGap":100}
{"data":"full","width":1440,"screen":"bank","delay":"100","word":"Põhja-Eesti","field":"Põhja-Eesti","q":"Põhja-Eesti","intact":true,"typedMs":1234,"meanGap":100}
{"data":"full","width":1440,"screen":"bank","delay":"jitter","word":"kalamaja","field":"kalamaja","q":"kalamaja","intact":true,"typedMs":793,"meanGap":89}
{"data":"full","width":1440,"screen":"bank","delay":"jitter","word":"1234.56","field":"1234.56","q":"1234.56","intact":true,"typedMs":873,"meanGap":117}
{"data":"full","width":1440,"screen":"bank","delay":"jitter","word":"Põhja-Eesti","field":"Põhja-Eesti","q":"Põhja-Eesti","intact":true,"typedMs":1162,"meanGap":95}
{"data":"full","width":1920,"screen":"books","delay":"0","word":"kalamaja","field":"a","q":"a","intact":false,"typedMs":130,"meanGap":0}
{"data":"full","width":1920,"screen":"books","delay":"0","word":"1234.56","field":"6","q":"6","intact":false,"typedMs":78,"meanGap":0}
{"data":"full","width":1920,"screen":"books","delay":"0","word":"Põhja-Eesti","field":"i","q":"i","intact":false,"typedMs":139,"meanGap":0}
{"data":"full","width":1920,"screen":"books","delay":"30","word":"kalamaja","field":"klamaja","q":"klamaja","intact":false,"typedMs":599,"meanGap":30}
{"data":"full","width":1920,"screen":"books","delay":"30","word":"1234.56","field":"14.56","q":"14.56","intact":false,"typedMs":450,"meanGap":30}
{"data":"full","width":1920,"screen":"books","delay":"30","word":"Põhja-Eesti","field":"Põhja-Eesti","q":"Põhja-Eesti","intact":true,"typedMs":743,"meanGap":30}
{"data":"full","width":1920,"screen":"books","delay":"60","word":"kalamaja","field":"kalamaja","q":"kalamaja","intact":true,"typedMs":765,"meanGap":60}
{"data":"full","width":1920,"screen":"books","delay":"60","word":"1234.56","field":"2.56","q":"2.56","intact":false,"typedMs":612,"meanGap":60}
{"data":"full","width":1920,"screen":"books","delay":"60","word":"Põhja-Eesti","field":"Põhja-Eesti","q":"Põhja-Eesti","intact":true,"typedMs":800,"meanGap":60}
{"data":"full","width":1920,"screen":"books","delay":"100","word":"kalamaja","field":"kalamaja","q":"kalamaja","intact":true,"typedMs":948,"meanGap":100}
{"data":"full","width":1920,"screen":"books","delay":"100","word":"1234.56","field":"1234.56","q":"1234.56","intact":true,"typedMs":915,"meanGap":100}
{"data":"full","width":1920,"screen":"books","delay":"100","word":"Põhja-Eesti","field":"Põhja-Eesti","q":"Põhja-Eesti","intact":true,"typedMs":1308,"meanGap":100}
{"data":"full","width":1920,"screen":"books","delay":"jitter","word":"kalamaja","field":"kalamaja","q":"kalamaja","intact":true,"typedMs":919,"meanGap":89}
{"data":"full","width":1920,"screen":"books","delay":"jitter","word":"1234.56","field":"1234.56","q":"1234.56","intact":true,"typedMs":1056,"meanGap":117}
{"data":"full","width":1920,"screen":"books","delay":"jitter","word":"Põhja-Eesti","field":"Põhja-Eesti","q":"Põhja-Eesti","intact":true,"typedMs":1292,"meanGap":95}
{"data":"full","width":1920,"screen":"inbox","delay":"0","word":"kalamaja","field":"a","q":"a","intact":false,"typedMs":304,"meanGap":0}
{"data":"full","width":1920,"screen":"inbox","delay":"0","word":"1234.56","field":"6","q":"6","intact":false,"typedMs":252,"meanGap":0}
{"data":"full","width":1920,"screen":"inbox","delay":"0","word":"Põhja-Eesti","field":"i","q":"i","intact":false,"typedMs":248,"meanGap":0}
{"data":"full","width":1920,"screen":"inbox","delay":"30","word":"kalamaja","field":"klaaja","q":"klaaja","intact":false,"typedMs":699,"meanGap":30}
{"data":"full","width":1920,"screen":"inbox","delay":"30","word":"1234.56","field":"14.56","q":"14.56","intact":false,"typedMs":590,"meanGap":30}
{"data":"full","width":1920,"screen":"inbox","delay":"30","word":"Põhja-Eesti","field":"Pj-Eesti","q":"Pj-Eesti","intact":false,"typedMs":909,"meanGap":30}
{"data":"full","width":1920,"screen":"inbox","delay":"60","word":"kalamaja","field":"kamja","q":"kamja","intact":false,"typedMs":6843,"meanGap":60}
node:internal/modules/run_main:107
    triggerUncaughtException(
    ^

locator.waitFor: Timeout 30000ms exceeded.
Call log:
[2m  - waiting for getByRole('searchbox', { name: 'Search the Inbox' }) to be visible[22m

    at /root/.cache/hbk-worktrees/hbk-ui-303/.review-303/h/typing.mjs:17:96 {
  log: [
    "  - waiting for getByRole('searchbox', { name: 'Search the Inbox' }) to be visible"
  ],
  name: 'TimeoutError'
}

Node.js v24.21.0
