{"data":"full","width":1920,"screen":"books","delay":"0","word":"kalamaja","field":"a","q":"a","intact":false,"typedMs":111,"meanGap":0}
{"data":"full","width":1920,"screen":"books","delay":"0","word":"1234.56","field":"6","q":"6","intact":false,"typedMs":123,"meanGap":0}
{"data":"full","width":1920,"screen":"books","delay":"0","word":"Põhja-Eesti","field":"i","q":"i","intact":false,"typedMs":135,"meanGap":0}
{"data":"full","width":1920,"screen":"books","delay":"60","word":"kalamaja","field":"kalamaja","q":"kalamaja","intact":true,"typedMs":583,"meanGap":60}
{"data":"full","width":1920,"screen":"books","delay":"60","word":"1234.56","field":"2.56","q":"2.56","intact":false,"typedMs":553,"meanGap":60}
{"data":"full","width":1920,"screen":"books","delay":"60","word":"Põhja-Eesti","field":"Põhja-Eesti","q":"Põhja-Eesti","intact":true,"typedMs":758,"meanGap":60}
{"data":"full","width":1920,"screen":"books","delay":"jitter","word":"kalamaja","field":"kalamaja","q":"kalamaja","intact":true,"typedMs":810,"meanGap":89}
{"data":"full","width":1920,"screen":"books","delay":"jitter","word":"1234.56","field":"1234.56","q":"1234.56","intact":true,"typedMs":917,"meanGap":117}
{"data":"full","width":1920,"screen":"books","delay":"jitter","word":"Põhja-Eesti","field":"Põhja-Eesti","q":"Põhja-Eesti","intact":true,"typedMs":1185,"meanGap":95}
{"data":"full","width":1920,"screen":"inbox","delay":"0","word":"kalamaja","field":"a","q":"a","intact":false,"typedMs":154,"meanGap":0}
{"data":"full","width":1920,"screen":"inbox","delay":"0","word":"1234.56","field":"6","q":"6","intact":false,"typedMs":50,"meanGap":0}
{"data":"full","width":1920,"screen":"inbox","delay":"0","word":"Põhja-Eesti","field":"i","q":"i","intact":false,"typedMs":99,"meanGap":0}
{"data":"full","width":1920,"screen":"inbox","delay":"60","word":"kalamaja","field":"kalamaja","q":"kalamaja","intact":true,"typedMs":538,"meanGap":60}
{"data":"full","width":1920,"screen":"inbox","delay":"60","word":"1234.56","field":"24.56","q":"24.56","intact":false,"typedMs":698,"meanGap":60}
{"data":"full","width":1920,"screen":"inbox","delay":"60","word":"Põhja-Eesti","field":"Phja-Eesti","q":"Phja-Eesti","intact":false,"typedMs":767,"meanGap":60}
{"data":"full","width":1920,"screen":"inbox","delay":"jitter","word":"kalamaja","field":"kalamaja","q":"kalamaja","intact":true,"typedMs":776,"meanGap":89}
{"data":"full","width":1920,"screen":"inbox","delay":"jitter","word":"1234.56","field":"1234.56","q":"1234.56","intact":true,"typedMs":912,"meanGap":117}
{"data":"full","width":1920,"screen":"inbox","delay":"jitter","word":"Põhja-Eesti","field":"Põhja-Eesti","q":"Põhja-Eesti","intact":true,"typedMs":1144,"meanGap":95}
{"data":"full","width":1920,"screen":"bank","delay":"0","word":"kalamaja","field":"a","q":"a","intact":false,"typedMs":65,"meanGap":0}
{"data":"full","width":1920,"screen":"bank","delay":"0","word":"1234.56","field":"6","q":"6","intact":false,"typedMs":51,"meanGap":0}
{"data":"full","width":1920,"screen":"bank","delay":"0","word":"Põhja-Eesti","field":"i","q":"i","intact":false,"typedMs":177,"meanGap":0}
{"data":"full","width":1920,"screen":"bank","delay":"60","word":"kalamaja","field":"kalamaja","q":"kalamaja","intact":true,"typedMs":543,"meanGap":60}
{"data":"full","width":1920,"screen":"bank","delay":"60","word":"1234.56","field":"1234.56","q":"1234.56","intact":true,"typedMs":488,"meanGap":60}
{"data":"full","width":1920,"screen":"bank","delay":"60","word":"Põhja-Eesti","field":"Põhja-Eesti","q":"Põhja-Eesti","intact":true,"typedMs":761,"meanGap":60}
{"data":"full","width":1920,"screen":"bank","delay":"jitter","word":"kalamaja","field":"kalamaja","q":"kalamaja","intact":true,"typedMs":790,"meanGap":89}
{"data":"full","width":1920,"screen":"bank","delay":"jitter","word":"1234.56","field":"1234.56","q":"1234.56","intact":true,"typedMs":898,"meanGap":117}
{"data":"full","width":1920,"screen":"bank","delay":"jitter","word":"Põhja-Eesti","field":"Põhja-Eesti","q":"Põhja-Eesti","intact":true,"typedMs":1145,"meanGap":95}
{"data":"small","width":1920,"screen":"books","delay":"0","word":"kalamaja","field":"kaja","q":"kaja","intact":false,"typedMs":66,"meanGap":0}
{"data":"small","width":1920,"screen":"books","delay":"0","word":"1234.56","field":"36","q":"36","intact":false,"typedMs":40,"meanGap":0}
{"data":"small","width":1920,"screen":"books","delay":"0","word":"Põhja-Eesti","field":"õi","q":"õi","intact":false,"typedMs":64,"meanGap":0}
{"data":"small","width":1920,"screen":"books","delay":"60","word":"kalamaja","field":"kalamaja","q":"kalamaja","intact":true,"typedMs":573,"meanGap":60}
{"data":"small","width":1920,"screen":"books","delay":"60","word":"1234.56","field":"1234.56","q":"1234.56","intact":true,"typedMs":504,"meanGap":60}
{"data":"small","width":1920,"screen":"books","delay":"60","word":"Põhja-Eesti","field":"Põhja-Eesti","q":"Põhja-Eesti","intact":true,"typedMs":791,"meanGap":60}
{"data":"small","width":1920,"screen":"books","delay":"jitter","word":"kalamaja","field":"kalamaja","q":"kalamaja","intact":true,"typedMs":819,"meanGap":89}
{"data":"small","width":1920,"screen":"books","delay":"jitter","word":"1234.56","field":"1234.56","q":"1234.56","intact":true,"typedMs":868,"meanGap":117}
{"data":"small","width":1920,"screen":"books","delay":"jitter","word":"Põhja-Eesti","field":"Põhja-Eesti","q":"Põhja-Eesti","intact":true,"typedMs":1159,"meanGap":95}
{"data":"small","width":1920,"screen":"inbox","delay":"0","word":"kalamaja","field":"kja","q":"kja","intact":false,"typedMs":54,"meanGap":0}
{"data":"small","width":1920,"screen":"inbox","delay":"0","word":"1234.56","field":"36","q":"36","intact":false,"typedMs":54,"meanGap":0}
{"data":"small","width":1920,"screen":"inbox","delay":"0","word":"Põhja-Eesti","field":"õhasi","q":"õhasi","intact":false,"typedMs":72,"meanGap":0}
{"data":"small","width":1920,"screen":"inbox","delay":"60","word":"kalamaja","field":"kalamaja","q":"kalamaja","intact":true,"typedMs":549,"meanGap":60}
{"data":"small","width":1920,"screen":"inbox","delay":"60","word":"1234.56","field":"1234.56","q":"1234.56","intact":true,"typedMs":472,"meanGap":60}
{"data":"small","width":1920,"screen":"inbox","delay":"60","word":"Põhja-Eesti","field":"Põhja-Eesti","q":"Põhja-Eesti","intact":true,"typedMs":767,"meanGap":60}
{"data":"small","width":1920,"screen":"inbox","delay":"jitter","word":"kalamaja","field":"kalamaja","q":"kalamaja","intact":true,"typedMs":807,"meanGap":89}
{"data":"small","width":1920,"screen":"inbox","delay":"jitter","word":"1234.56","field":"1234.56","q":"1234.56","intact":true,"typedMs":869,"meanGap":117}
{"data":"small","width":1920,"screen":"inbox","delay":"jitter","word":"Põhja-Eesti","field":"Põhja-Eesti","q":"Põhja-Eesti","intact":true,"typedMs":1136,"meanGap":95}
{"data":"small","width":1920,"screen":"bank","delay":"0","word":"kalamaja","field":"ja","q":"ja","intact":false,"typedMs":36,"meanGap":0}
{"data":"small","width":1920,"screen":"bank","delay":"0","word":"1234.56","field":"46","q":"46","intact":false,"typedMs":34,"meanGap":0}
{"data":"small","width":1920,"screen":"bank","delay":"0","word":"Põhja-Eesti","field":"Psi","q":"Psi","intact":false,"typedMs":56,"meanGap":0}
{"data":"small","width":1920,"screen":"bank","delay":"60","word":"kalamaja","field":"kalamaja","q":"kalamaja","intact":true,"typedMs":547,"meanGap":60}
{"data":"small","width":1920,"screen":"bank","delay":"60","word":"1234.56","field":"1234.56","q":"1234.56","intact":true,"typedMs":466,"meanGap":60}
{"data":"small","width":1920,"screen":"bank","delay":"60","word":"Põhja-Eesti","field":"Põhja-Eesti","q":"Põhja-Eesti","intact":true,"typedMs":768,"meanGap":60}
{"data":"small","width":1920,"screen":"bank","delay":"jitter","word":"kalamaja","field":"kalamaja","q":"kalamaja","intact":true,"typedMs":799,"meanGap":89}
{"data":"small","width":1920,"screen":"bank","delay":"jitter","word":"1234.56","field":"1234.56","q":"1234.56","intact":true,"typedMs":891,"meanGap":117}
{"data":"small","width":1920,"screen":"bank","delay":"jitter","word":"Põhja-Eesti","field":"Põhja-Eesti","q":"Põhja-Eesti","intact":true,"typedMs":1119,"meanGap":95}
