1440 full books-expenses kalamaja 0 0/3 ["a","a","a"]
1440 full books-expenses kalamaja 50 3/3 ["kalamaja","kalamaja","kalamaja"]
1440 full books-expenses kalamaja 100 3/3 ["kalamaja","kalamaja","kalamaja"]
1440 full books-expenses kalamaja 150 3/3 ["kalamaja","kalamaja","kalamaja"]
1440 full books-expenses kalamaja 250 3/3 ["kalamaja","kalamaja","kalamaja"]
1440 full books-expenses 1234.56 0 0/3 ["6","6","6"]
1440 full books-expenses 1234.56 50 2/3 ["1234.56","2.56","1234.56"]
1440 full books-expenses 1234.56 100 3/3 ["1234.56","1234.56","1234.56"]
1440 full books-expenses 1234.56 150 3/3 ["1234.56","1234.56","1234.56"]
1440 full books-expenses 1234.56 250 3/3 ["1234.56","1234.56","1234.56"]
1440 full inbox kalamaja 0 0/3 ["kja","a","a"]
1440 full inbox kalamaja 50 3/3 ["kalamaja","kalamaja","kalamaja"]
1440 full inbox kalamaja 100 3/3 ["kalamaja","kalamaja","kalamaja"]
1440 full inbox kalamaja 150 3/3 ["kalamaja","kalamaja","kalamaja"]
1440 full inbox kalamaja 250 3/3 ["kalamaja","kalamaja","kalamaja"]
1440 full inbox 1234.56 0 0/3 ["6","6","6"]
1440 full inbox 1234.56 50 3/3 ["1234.56","1234.56","1234.56"]
1440 full inbox 1234.56 100 3/3 ["1234.56","1234.56","1234.56"]
1440 full inbox 1234.56 150 3/3 ["1234.56","1234.56","1234.56"]
1440 full inbox 1234.56 250 3/3 ["1234.56","1234.56","1234.56"]
1440 full bank-statement kalamaja 0 0/3 ["ka","a","ka"]
1440 full bank-statement kalamaja 50 3/3 ["kalamaja","kalamaja","kalamaja"]
1440 full bank-statement kalamaja 100 3/3 ["kalamaja","kalamaja","kalamaja"]
1440 full bank-statement kalamaja 150 3/3 ["kalamaja","kalamaja","kalamaja"]
1440 full bank-statement kalamaja 250 3/3 ["kalamaja","kalamaja","kalamaja"]
1440 full bank-statement 1234.56 0 0/3 ["6","6","6"]
1440 full bank-statement 1234.56 50 3/3 ["1234.56","1234.56","1234.56"]
1440 full bank-statement 1234.56 100 3/3 ["1234.56","1234.56","1234.56"]
1440 full bank-statement 1234.56 150 3/3 ["1234.56","1234.56","1234.56"]
1440 full bank-statement 1234.56 250 3/3 ["1234.56","1234.56","1234.56"]
1440 small books-expenses kalamaja 0 0/3 ["kaja","la","aa"]
1440 small books-expenses kalamaja 50 3/3 ["kalamaja","kalamaja","kalamaja"]
1440 small books-expenses kalamaja 100 3/3 ["kalamaja","kalamaja","kalamaja"]
1440 small books-expenses kalamaja 150 3/3 ["kalamaja","kalamaja","kalamaja"]
1440 small books-expenses kalamaja 250 3/3 ["kalamaja","kalamaja","kalamaja"]
1440 small books-expenses 1234.56 0 0/3 ["56","6","36"]
1440 small books-expenses 1234.56 50 3/3 ["1234.56","1234.56","1234.56"]
1440 small books-expenses 1234.56 100 3/3 ["1234.56","1234.56","1234.56"]
1440 small books-expenses 1234.56 150 3/3 ["1234.56","1234.56","1234.56"]
1440 small books-expenses 1234.56 250 3/3 ["1234.56","1234.56","1234.56"]
1440 small inbox kalamaja 0 0/3 ["kaa","aa","klja"]
1440 small inbox kalamaja 50 3/3 ["kalamaja","kalamaja","kalamaja"]
1440 small inbox kalamaja 100 3/3 ["kalamaja","kalamaja","kalamaja"]
1440 small inbox kalamaja 150 3/3 ["kalamaja","kalamaja","kalamaja"]
1440 small inbox kalamaja 250 3/3 ["kalamaja","kalamaja","kalamaja"]
1440 small inbox 1234.56 0 0/3 ["2.6",".6",".6"]
1440 small inbox 1234.56 50 3/3 ["1234.56","1234.56","1234.56"]
1440 small inbox 1234.56 100 3/3 ["1234.56","1234.56","1234.56"]
1440 small inbox 1234.56 150 3/3 ["1234.56","1234.56","1234.56"]
1440 small inbox 1234.56 250 3/3 ["1234.56","1234.56","1234.56"]
1440 small bank-statement kalamaja 0 0/3 ["aaa","ma","aa"]
1440 small bank-statement kalamaja 50 3/3 ["kalamaja","kalamaja","kalamaja"]
1440 small bank-statement kalamaja 100 3/3 ["kalamaja","kalamaja","kalamaja"]
1440 small bank-statement kalamaja 150 3/3 ["kalamaja","kalamaja","kalamaja"]
1440 small bank-statement kalamaja 250 3/3 ["kalamaja","kalamaja","kalamaja"]
1440 small bank-statement 1234.56 0 0/3 ["16","256","6"]
1440 small bank-statement 1234.56 50 3/3 ["1234.56","1234.56","1234.56"]
1440 small bank-statement 1234.56 100 3/3 ["1234.56","1234.56","1234.56"]
1440 small bank-statement 1234.56 150 3/3 ["1234.56","1234.56","1234.56"]
1440 small bank-statement 1234.56 250 3/3 ["1234.56","1234.56","1234.56"]
1920 full books-expenses kalamaja 0 0/3 ["a","a","a"]
1920 full books-expenses kalamaja 50 3/3 ["kalamaja","kalamaja","kalamaja"]
1920 full books-expenses kalamaja 100 3/3 ["kalamaja","kalamaja","kalamaja"]
1920 full books-expenses kalamaja 150 3/3 ["kalamaja","kalamaja","kalamaja"]
1920 full books-expenses kalamaja 250 3/3 ["kalamaja","kalamaja","kalamaja"]
1920 full books-expenses 1234.56 0 0/3 ["6","6","6"]
1920 full books-expenses 1234.56 50 0/3 ["1456","1456","1456"]
1920 full books-expenses 1234.56 100 3/3 ["1234.56","1234.56","1234.56"]
1920 full books-expenses 1234.56 150 3/3 ["1234.56","1234.56","1234.56"]
1920 full books-expenses 1234.56 250 3/3 ["1234.56","1234.56","1234.56"]
1920 full inbox kalamaja 0 0/3 ["ka","a","a"]
1920 full inbox kalamaja 50 2/3 ["kalamaja","kalamaja","lmaja"]
1920 full inbox kalamaja 100 3/3 ["kalamaja","kalamaja","kalamaja"]
1920 full inbox kalamaja 150 3/3 ["kalamaja","kalamaja","kalamaja"]
1920 full inbox kalamaja 250 3/3 ["kalamaja","kalamaja","kalamaja"]
1920 full inbox 1234.56 0 0/3 ["6","6","6"]
1920 full inbox 1234.56 50 3/3 ["1234.56","1234.56","1234.56"]
1920 full inbox 1234.56 100 3/3 ["1234.56","1234.56","1234.56"]
node:internal/modules/run_main:107
    triggerUncaughtException(
    ^

page.waitForTimeout: Target page, context or browser has been closed
    at /root/.cache/hbk-worktrees/hbk-ui-303/.review-303/typing.mjs:34:22 {
  log: []
}

Node.js v24.21.0
