320 568 none 
  ‹ Back b=33 abTop=441 
  ✓Expense #1300 b=255 abTop=441 
  ✓Expense #1301 b=320 abTop=441 
  ✓Expense #1302 b=386 abTop=441 
  ✓Expense #1303 b=451 abTop=441 UNDER
  ✓Expense #1304 b=517 abTop=441 UNDER
  ✓Expense #1305 b=568 abTop=441 UNDER
  ✓Expense #1306 b=317 abTop=441 
  ✓Expense #1307 b=382 abTop=441 
  ✓Expense #1308 b=448 abTop=441 UNDER
  ✓Expense #1309 b=513 abTop=441 UNDER
  ✓Expense #1310 b=568 abTop=441 UNDER
  ✓Expense #1311 b=568 abTop=441 UNDER
  ✓Expense #1312 b=317 abTop=441 
  ✓Expense #1313 b=382 abTop=441 
  ✓Expense #1314 b=448 abTop=441 UNDER
  ✓Expense #1315 b=512 abTop=441 UNDER
  Personal · Ban b=437 abTop=247 UNDER
  Inbox43 b=560 abTop=247 UNDER
  Books b=560 abTop=247 UNDER
320 568 padded 
  ‹ Back b=33 abTop=441 
  ✓Expense #1300 b=255 abTop=441 
  ✓Expense #1301 b=320 abTop=441 
  ✓Expense #1302 b=386 abTop=441 
  ✓Expense #1303 b=441 abTop=441 
  ✓Expense #1304 b=253 abTop=441 
  ✓Expense #1305 b=318 abTop=441 
  ✓Expense #1306 b=384 abTop=441 
  ✓Expense #1307 b=441 abTop=441 
  ✓Expense #1308 b=253 abTop=441 
  ✓Expense #1309 b=318 abTop=441 
  ✓Expense #1310 b=384 abTop=441 
  ✓Expense #1311 b=441 abTop=441 
  ✓Expense #1312 b=253 abTop=441 
  ✓Expense #1313 b=318 abTop=441 
  ✓Expense #1314 b=384 abTop=441 
  ✓Expense #1315 b=441 abTop=441 
  Personal · Ban b=437 abTop=247 UNDER
  Inbox43 b=560 abTop=247 UNDER
  Books b=560 abTop=247 UNDER
1440 900 padded 
  Inbox43 b=94 abTop=828 
  Books b=131 abTop=828 
  Bank b=169 abTop=828 
  Reports b=206 abTop=828 
  Settings b=244 abTop=828 
  Sign out b=888 abTop=828 UNDER
  ‹ Back b=33 abTop=828 
  ✓Expense #1300 b=201 abTop=828 
  ✓Expense #1301 b=267 abTop=828 
  ✓Expense #1302 b=332 abTop=828 
  ✓Expense #1303 b=398 abTop=828 
  ✓Expense #1304 b=463 abTop=828 
  ✓Expense #1305 b=529 abTop=828 
  ✓Expense #1306 b=594 abTop=828 
  ✓Expense #1307 b=660 abTop=828 
  ✓Expense #1308 b=725 abTop=828 
  ✓Expense #1309 b=791 abTop=828 
  ✓Expense #1310 b=828 abTop=828 
  ✓Expense #1311 b=447 abTop=720 
  ✓Expense #1312 b=512 abTop=720 
